// Jest Snapshot v1, https://goo.gl/fbAQLP

exports[`Landing renders correctly 1`] = `
<div
  className="landing-page"
>
  <div
    className="theater"
  >
    <div
      className="row"
    >
      <div
        className="small-12 medium-6 large-6 large-offset-1 column align-middle text-center"
      >
        <h1>
          Match. Play. Contribute.
        </h1>
        <p>
          Encore Link is the best way to match volunteer musicians with organizations who are in need of musicians who donate their time.
        </p>
      </div>
      <div
        className="small-12 medium-6 large-4 large-offset-1 column align-middle"
      >
        <div
          className="register"
        >
          <ul
            className="tabs"
          >
            <li
              className="tabs-title is-active"
            >
              <a
                onClick={[Function]}
                style={Object {}}
              >
                Sign up as a Musician
              </a>
            </li>
            <li
              className="tabs-title not-active"
            >
              <a
                onClick={[Function]}
                style={Object {}}
              >
                Sign up as an Organizer
              </a>
            </li>
          </ul>
          <div
            className="tabs-content"
          >
            <div
              className="tabs-panel is-active"
            >
              <form
                className="form-register"
                onSubmit={[Function]}
              >
                <label>
                  Email
                  <input
                    autoFocus={true}
                    name="email"
                    onChange={[Function]}
                    placeholder="Email"
                    required={true}
                    type="text"
                  />
                </label>
                <label>
                  Password
                  <input
                    name="password"
                    onChange={[Function]}
                    placeholder="Password"
                    required={true}
                    type="password"
                  />
                </label>
                <label
                  className="volunteer-check"
                >
                  <input
                    checked={true}
                    name="isMusician"
                    onChange={[Function]}
                    type="checkbox"
                  />
                </label>
                <label
                  className="terms"
                >
                  <input
                    checked={false}
                    className="terms-check"
                    name="agreeTerms"
                    onChange={[Function]}
                    type="checkbox"
                  />
                  I have read and agree to the
                   
                  <a
                    onClick={[Function]}
                    onKeyPress={[Function]}
                    style={Object {}}
                    tabIndex={0}
                  >
                    terms
                  </a>
                  .
                </label>
                <button
                  className="button secondary"
                  disabled={true}
                  type="submit"
                >
                  Register
                </button>
              </form>
            </div>
            <div
              className="tabs-panel not-active"
            >
              <form
                className="form-register"
                onSubmit={[Function]}
              >
                <label>
                  Email
                  <input
                    autoFocus={true}
                    name="email"
                    onChange={[Function]}
                    placeholder="Email"
                    required={true}
                    type="text"
                  />
                </label>
                <label>
                  Password
                  <input
                    name="password"
                    onChange={[Function]}
                    placeholder="Password"
                    required={true}
                    type="password"
                  />
                </label>
                <label
                  className="volunteer-check"
                >
                  <input
                    checked={false}
                    name="isMusician"
                    onChange={[Function]}
                    type="checkbox"
                  />
                </label>
                <label
                  className="terms"
                >
                  <input
                    checked={false}
                    className="terms-check"
                    name="agreeTerms"
                    onChange={[Function]}
                    type="checkbox"
                  />
                  I have read and agree to the
                   
                  <a
                    onClick={[Function]}
                    onKeyPress={[Function]}
                    style={Object {}}
                    tabIndex={0}
                  >
                    terms
                  </a>
                  .
                </label>
                <button
                  className="button secondary"
                  disabled={true}
                  type="submit"
                >
                  Register
                </button>
              </form>
            </div>
          </div>
          <p>
            Already have an account?Â 
            <a
              href={undefined}
              onClick={[Function]}
              style={Object {}}
            >
              Log in
            </a>
          </p>
        </div>
      </div>
    </div>
  </div>
  <div
    className="row content-block text-center"
  >
    <div
      className="small-12 column"
    >
      <h1
        className="blue-txt"
      >
        How It Works
      </h1>
    </div>
    <div
      className="column small-12 large-4"
    >
      <h1>
        1
      </h1>
      <img
        alt="Organizers Create Volunteering Spots"
        src="how_organizer.png"
      />
    </div>
    <div
      className="column small-12 large-4"
    >
      <h1>
        2
      </h1>
      <img
        alt="Musicians Search and Schedule Volunteering Spots"
        src="how_musician.png"
      />
    </div>
    <div
      className="column small-12 large-4"
    >
      <h1>
        3
      </h1>
      <img
        alt="Musicians Play for Audience"
        src="how_performance.png"
      />
    </div>
  </div>
</div>
`;
